[info] welcome to sbt 1.12.14 (Homebrew Java 25.0.1)
[info] loading settings for project storyatlas4s-build from plugins.sbt...
[info] loading project definition from /Users/bbuchsbaum/code/scala/storyatlas4s/project
[info] loading settings for project root from build.sbt...
[info] loading settings for project intaglio-build from plugins.sbt...
[info] loading project definition from /private/tmp/storyatlas-inspector-20260924-deps/intaglio/project
[info] loading settings for project root from build.sbt...
[info] loading settings for project storymodel4s-build from plugins.sbt...
[info] loading project definition from /private/tmp/storyatlas-inspector-20260924-deps/storymodel4s/project
[info] loading settings for project root from build.sbt...
[info] loading settings for project grakern-build from plugins.sbt...
[info] loading project definition from /private/tmp/storyatlas-inspector-20260924-deps/grakern/project
[info] loading settings for project root from build.sbt...
[info] loading settings for project gale-build from plugins.sbt...
[info] loading project definition from /Users/bbuchsbaum/.sbt/1.0/staging/c6b5fe94c20cf0d05b05/gale/project
[info] loading settings for project root from build.sbt...
[info] loading settings for project graph4s-build from plugins.sbt...
[info] loading project definition from /Users/bbuchsbaum/.sbt/1.0/staging/8d03f2d14a9e2c9f6990/graph4s/project
[info] loading settings for project root from build.sbt...
[info] resolving key references (148721 settings) ...
[info] set current project to root (in build file:/Users/bbuchsbaum/code/scala/storyatlas4s/)
[info] scalafmt: Formatting 1 Scala sources (/Users/bbuchsbaum/code/scala/storyatlas4s/app)...
[success] Total time: 2 s, completed Sep 24, 2026, 10:52:39 p.m.
[info] compiling 1 Scala source to /Users/bbuchsbaum/code/scala/storyatlas4s/app/target/scala-3.7.4/classes ...
[info] done compiling
[info] Fast optimizing /Users/bbuchsbaum/code/scala/storyatlas4s/app/target/scala-3.7.4/storyatlas4s-app-test-fastopt
Test run storyatlas4s.app.MatrixCellsSuite started
storyatlas4s.app.MatrixCellsSuite: finished 0.005s
Test run storyatlas4s.app.MatrixCellsSuite finished: 0 failed, 0 ignored, 4 total 0.005s
[info] Passed: Total 4, Failed 0, Errors 0, Passed 4
[success] Total time: 11 s, completed Sep 24, 2026, 10:52:50 p.m.
[success] Total time: 0 s, completed Sep 24, 2026, 10:52:50 p.m.
[info] Fast optimizing /Users/bbuchsbaum/code/scala/storyatlas4s/app/target/scala-3.7.4/storyatlas4s-app-fastopt
[success] Total time: 5 s, completed Sep 24, 2026, 10:52:55 p.m.
[success] Total time: 1 s, completed Sep 24, 2026, 10:52:55 p.m.
