[info] welcome to sbt 1.12.14 (Homebrew Java 25.0.1)
[info] loading settings for project storyatlas4s-voyage-mass-20260923-build from plugins.sbt...
[info] loading project definition from /private/tmp/storyatlas4s-voyage-mass-20260923/project
[info] loading settings for project root from build.sbt...
[info] loading settings for project intaglio-build from plugins.sbt...
[info] loading project definition from /private/tmp/voyage-mass-deps-20260923/intaglio/project
[info] loading settings for project root from build.sbt...
[info] loading settings for project storymodel4s-build from plugins.sbt...
[info] loading project definition from /private/tmp/voyage-mass-deps-20260923/storymodel4s/project
[info] loading settings for project root from build.sbt...
[info] loading settings for project grakern-build from plugins.sbt...
[info] loading project definition from /private/tmp/voyage-mass-deps-20260923/grakern/project
[info] loading settings for project root from build.sbt...
Cloning into '/private/tmp/voyage-mass-sbt-staging-20260923/c6b5fe94c20cf0d05b05/gale'...
[info] loading settings for project gale-build from plugins.sbt...
[info] loading project definition from /private/tmp/voyage-mass-sbt-staging-20260923/c6b5fe94c20cf0d05b05/gale/project
[info] loading settings for project root from build.sbt...
Cloning into '/private/tmp/voyage-mass-sbt-staging-20260923/8d03f2d14a9e2c9f6990/graph4s'...
[info] loading settings for project graph4s-build from plugins.sbt...
[info] loading project definition from /private/tmp/voyage-mass-sbt-staging-20260923/8d03f2d14a9e2c9f6990/graph4s/project
[info] loading settings for project root from build.sbt...
[info] resolving key references (148721 settings) ...
[info] set current project to root (in build file:/private/tmp/storyatlas4s-voyage-mass-20260923/)
[info] scalafmt: Formatting 4 Scala sources (/private/tmp/storyatlas4s-voyage-mass-20260923/layout/.js)...
[info] scalafmt: Formatting 3 Scala sources (/private/tmp/storyatlas4s-voyage-mass-20260923/edition/.js)...
[info] scalafmt: Formatting 6 Scala sources (/private/tmp/storyatlas4s-voyage-mass-20260923/edition/.js)...
[info] scalafmt: Formatting 3 Scala sources (/private/tmp/storyatlas4s-voyage-mass-20260923/edition/.jvm)...
[info] scalafmt: Formatting 11 Scala sources (/private/tmp/storyatlas4s-voyage-mass-20260923/shell/.js)...
[info] scalafmt: Formatting 6 Scala sources (/private/tmp/storyatlas4s-voyage-mass-20260923/intaglio/.js)...
[info] scalafmt: Formatting 6 Scala sources (/private/tmp/storyatlas4s-voyage-mass-20260923/edition/.jvm)...
[info] scalafmt: Formatting 6 Scala sources (/private/tmp/storyatlas4s-voyage-mass-20260923/intaglio/.jvm)...
[info] scalafmt: Formatting 9 Scala sources (/private/tmp/storyatlas4s-voyage-mass-20260923/intaglio/.js)...
[info] scalafmt: Formatting 8 Scala sources (/private/tmp/storyatlas4s-voyage-mass-20260923/shell/.js)...
[info] scalafmt: Formatting 7 Scala sources (/private/tmp/storyatlas4s-voyage-mass-20260923/layout/.js)...
[info] scalafmt: Formatting 7 Scala sources (/private/tmp/storyatlas4s-voyage-mass-20260923/layout/.jvm)...
[info] scalafmt: Formatting 4 Scala sources (/private/tmp/storyatlas4s-voyage-mass-20260923/layout/.jvm)...
[info] scalafmt: Formatting 9 Scala sources (/private/tmp/storyatlas4s-voyage-mass-20260923/intaglio/.jvm)...
[info] scalafmt: Formatting 10 Scala sources (/private/tmp/storyatlas4s-voyage-mass-20260923/cli)...
[info] scalafmt: Formatting 6 Scala sources (/private/tmp/storyatlas4s-voyage-mass-20260923/cli)...
[info] scalafmt: Formatting 11 Scala sources (/private/tmp/storyatlas4s-voyage-mass-20260923/shell/.jvm)...
[info] scalafmt: Formatting 8 Scala sources (/private/tmp/storyatlas4s-voyage-mass-20260923/shell/.jvm)...
[info] scalafmt: Formatting 7 Scala sources (/private/tmp/storyatlas4s-voyage-mass-20260923/app)...
[info] scalafmt: Reformatted 1 Scala sources
[info] scalafmt: Reformatted 1 Scala sources
[info] scalafmt: Reformatted 1 Scala sources
[info] scalafmt: Reformatted 1 Scala sources
[info] scalafmt: Reformatted 1 Scala sources
[success] Total time: 6 s, completed Sep 22, 2026, 10:19:51 p.m.
[info] compiling 14 Scala sources to /private/tmp/voyage-mass-deps-20260923/storymodel4s/core/.jvm/target/scala-3.7.4/classes ...
[info] done compiling
[info] compiling 6 Scala sources to /private/tmp/voyage-mass-deps-20260923/storymodel4s/proposition/.jvm/target/scala-3.7.4/classes ...
[info] compiling 10 Scala sources to /private/tmp/voyage-mass-deps-20260923/storymodel4s/features/.jvm/target/scala-3.7.4/classes ...
[info] done compiling
[info] compiling 10 Scala sources to /private/tmp/voyage-mass-deps-20260923/storymodel4s/acquire/.jvm/target/scala-3.7.4/classes ...
[info] done compiling
[info] compiling 14 Scala sources to /private/tmp/voyage-mass-deps-20260923/storymodel4s/story/.jvm/target/scala-3.7.4/classes ...
[info] done compiling
[info] done compiling
[info] compiling 9 Scala sources to /private/tmp/voyage-mass-deps-20260923/storymodel4s/recall/.jvm/target/scala-3.7.4/classes ...
[info] compiling 13 Scala sources to /private/tmp/voyage-mass-deps-20260923/storymodel4s/document/.jvm/target/scala-3.7.4/classes ...
[info] done compiling
[info] compiling 25 Scala sources to /private/tmp/voyage-mass-deps-20260923/storymodel4s/align/.jvm/target/scala-3.7.4/classes ...
[info] done compiling
[info] done compiling
[info] compiling 12 Scala sources to /private/tmp/voyage-mass-deps-20260923/storymodel4s/view/.jvm/target/scala-3.7.4/classes ...
[info] done compiling
[info] compiling 7 Scala sources to /private/tmp/storyatlas4s-voyage-mass-20260923/layout/.jvm/target/scala-3.7.4/classes ...
[info] done compiling
[success] Total time: 28 s, completed Sep 22, 2026, 10:20:19 p.m.
[info] compiling 14 Scala sources to /private/tmp/voyage-mass-deps-20260923/storymodel4s/core/.js/target/scala-3.7.4/classes ...
[info] done compiling
[info] compiling 6 Scala sources to /private/tmp/voyage-mass-deps-20260923/storymodel4s/proposition/.js/target/scala-3.7.4/classes ...
[info] compiling 10 Scala sources to /private/tmp/voyage-mass-deps-20260923/storymodel4s/features/.js/target/scala-3.7.4/classes ...
[info] done compiling
[info] compiling 10 Scala sources to /private/tmp/voyage-mass-deps-20260923/storymodel4s/acquire/.js/target/scala-3.7.4/classes ...
[info] done compiling
[info] compiling 14 Scala sources to /private/tmp/voyage-mass-deps-20260923/storymodel4s/story/.js/target/scala-3.7.4/classes ...
[info] done compiling
[info] compiling 9 Scala sources to /private/tmp/voyage-mass-deps-20260923/storymodel4s/recall/.js/target/scala-3.7.4/classes ...
[info] done compiling
[info] compiling 13 Scala sources to /private/tmp/voyage-mass-deps-20260923/storymodel4s/document/.js/target/scala-3.7.4/classes ...
[info] done compiling
[info] compiling 25 Scala sources to /private/tmp/voyage-mass-deps-20260923/storymodel4s/align/.js/target/scala-3.7.4/classes ...
[info] done compiling
[info] done compiling
[info] compiling 12 Scala sources to /private/tmp/voyage-mass-deps-20260923/storymodel4s/view/.js/target/scala-3.7.4/classes ...
[info] done compiling
[info] compiling 7 Scala sources to /private/tmp/storyatlas4s-voyage-mass-20260923/layout/.js/target/scala-3.7.4/classes ...
[info] done compiling
[success] Total time: 11 s, completed Sep 22, 2026, 10:20:30 p.m.
[info] compiling 36 Scala sources to /private/tmp/voyage-mass-deps-20260923/intaglio/modules/core/jvm/target/scala-3.3.8/classes ...
[info] done compiling
[info] compiling 3 Scala sources to /private/tmp/voyage-mass-deps-20260923/intaglio/modules/svg/jvm/target/scala-3.3.8/classes ...
[info] done compiling
[info] compiling 9 Scala sources to /private/tmp/storyatlas4s-voyage-mass-20260923/intaglio/.jvm/target/scala-3.7.4/classes ...
[info] done compiling
[success] Total time: 12 s, completed Sep 22, 2026, 10:20:42 p.m.
[info] compiling 36 Scala sources to /private/tmp/voyage-mass-deps-20260923/intaglio/modules/core/js/target/scala-3.3.8/classes ...
[info] done compiling
[info] compiling 3 Scala sources to /private/tmp/voyage-mass-deps-20260923/intaglio/modules/svg/js/target/scala-3.3.8/classes ...
[info] done compiling
[info] compiling 9 Scala sources to /private/tmp/storyatlas4s-voyage-mass-20260923/intaglio/.js/target/scala-3.7.4/classes ...
[info] done compiling
[success] Total time: 7 s, completed Sep 22, 2026, 10:20:49 p.m.
[info] compiling 9 Scala sources to /private/tmp/voyage-mass-deps-20260923/storymodel4s/embed-core/.jvm/target/scala-3.7.4/classes ...
[info] compiling 16 Scala sources to /private/tmp/voyage-mass-deps-20260923/storymodel4s/amr-interop/.jvm/target/scala-3.7.4/classes ...
[info] done compiling
[info] compiling 10 Scala sources to /private/tmp/voyage-mass-deps-20260923/storymodel4s/interview/.jvm/target/scala-3.7.4/classes ...
[info] done compiling
[info] done compiling
[info] compiling 29 Scala sources to /private/tmp/voyage-mass-deps-20260923/storymodel4s/codec/.jvm/target/scala-3.7.4/classes ...
[info] done compiling
[info] compiling 7 Scala sources to /private/tmp/storyatlas4s-voyage-mass-20260923/edition/.jvm/target/scala-3.7.4/classes ...
[info] done compiling
[success] Total time: 7 s, completed Sep 22, 2026, 10:20:56 p.m.
[info] compiling 16 Scala sources to /private/tmp/voyage-mass-deps-20260923/storymodel4s/amr-interop/.js/target/scala-3.7.4/classes ...
[info] compiling 9 Scala sources to /private/tmp/voyage-mass-deps-20260923/storymodel4s/embed-core/.js/target/scala-3.7.4/classes ...
[info] done compiling
[info] compiling 10 Scala sources to /private/tmp/voyage-mass-deps-20260923/storymodel4s/interview/.js/target/scala-3.7.4/classes ...
[info] done compiling
[info] done compiling
[info] compiling 29 Scala sources to /private/tmp/voyage-mass-deps-20260923/storymodel4s/codec/.js/target/scala-3.7.4/classes ...
[info] done compiling
[info] compiling 7 Scala sources to /private/tmp/storyatlas4s-voyage-mass-20260923/edition/.js/target/scala-3.7.4/classes ...
[info] done compiling
[success] Total time: 7 s, completed Sep 22, 2026, 10:21:02 p.m.
[info] compiling 11 Scala sources to /private/tmp/storyatlas4s-voyage-mass-20260923/shell/.jvm/target/scala-3.7.4/classes ...
[info] done compiling
[success] Total time: 2 s, completed Sep 22, 2026, 10:21:04 p.m.
[info] compiling 11 Scala sources to /private/tmp/storyatlas4s-voyage-mass-20260923/shell/.js/target/scala-3.7.4/classes ...
[info] done compiling
[success] Total time: 2 s, completed Sep 22, 2026, 10:21:05 p.m.
[info] compiling 6 Scala sources to /private/tmp/voyage-mass-deps-20260923/storymodel4s/fixtures/.jvm/target/scala-3.7.4/classes ...
[info] done compiling
[info] compiling 10 Scala sources to /private/tmp/storyatlas4s-voyage-mass-20260923/cli/target/scala-3.7.4/classes ...
[info] done compiling
[success] Total time: 2 s, completed Sep 22, 2026, 10:21:07 p.m.
[info] compiling 5 Scala sources to /private/tmp/voyage-mass-deps-20260923/storymodel4s/fixtures/.js/target/scala-3.7.4/classes ...
[info] done compiling
[info] compiling 7 Scala sources to /private/tmp/storyatlas4s-voyage-mass-20260923/app/target/scala-3.7.4/classes ...
[info] done compiling
[success] Total time: 3 s, completed Sep 22, 2026, 10:21:10 p.m.
[info] compiling 4 Scala sources to /private/tmp/storyatlas4s-voyage-mass-20260923/layout/.jvm/target/scala-3.7.4/test-classes ...
[info] done compiling
Test run storyatlas4s.layout.PaginatorLawsSuite started
storyatlas4s.layout.PaginatorLawsSuite: finished 0.725s
Test run storyatlas4s.layout.PaginatorLawsSuite finished: 0 failed, 0 ignored, 14 total 0.735s
Test run storyatlas4s.layout.AwtMeasurerSuite started
storyatlas4s.layout.AwtMeasurerSuite: finished 0.589s
Test run storyatlas4s.layout.AwtMeasurerSuite finished: 0 failed, 0 ignored, 3 total 0.589s
Test run storyatlas4s.layout.WarOfTheGhostsPaginationSuite started
storyatlas4s.layout.WarOfTheGhostsPaginationSuite: finished 0.141s
Test run storyatlas4s.layout.WarOfTheGhostsPaginationSuite finished: 0 failed, 0 ignored, 5 total 0.141s
[info] Passed: Total 22, Failed 0, Errors 0, Passed 22
[success] Total time: 3 s, completed Sep 22, 2026, 10:21:12 p.m.
[info] compiling 4 Scala sources to /private/tmp/storyatlas4s-voyage-mass-20260923/layout/.js/target/scala-3.7.4/test-classes ...
[info] done compiling
[info] Fast optimizing /private/tmp/storyatlas4s-voyage-mass-20260923/layout/.js/target/scala-3.7.4/storyatlas4s-layout-test-fastopt
Test run storyatlas4s.layout.PaginatorLawsSuite started
storyatlas4s.layout.PaginatorLawsSuite: finished 0.431s
Test run storyatlas4s.layout.PaginatorLawsSuite finished: 0 failed, 0 ignored, 14 total 0.431s
Test run storyatlas4s.layout.DomMeasurerSuite started
storyatlas4s.layout.DomMeasurerSuite: finished 0.072s
Test run storyatlas4s.layout.DomMeasurerSuite finished: 0 failed, 0 ignored, 7 total 0.072s
Test run storyatlas4s.layout.WarOfTheGhostsPaginationSuite started
storyatlas4s.layout.WarOfTheGhostsPaginationSuite: finished 0.109s
Test run storyatlas4s.layout.WarOfTheGhostsPaginationSuite finished: 0 failed, 0 ignored, 5 total 0.109s
[info] Passed: Total 26, Failed 0, Errors 0, Passed 26
[success] Total time: 5 s, completed Sep 22, 2026, 10:21:17 p.m.
[info] compiling 6 Scala sources to /private/tmp/storyatlas4s-voyage-mass-20260923/intaglio/.jvm/target/scala-3.7.4/test-classes ...
[warn] -- [E029] Pattern Match Exhaustivity Warning: /private/tmp/storyatlas4s-voyage-mass-20260923/intaglio/src/test/scala/storyatlas4s/intaglio/PlateCraftSuite.scala:167:8 
[warn] 167 |        case ig.DeviceElement.Group(n, _, _, children) =>
[warn]     |        ^
[warn]     | match may not be exhaustive.
[warn]     |
[warn]     | It would fail on pattern case: intaglio.DeviceElement.Annotated(_, _)
[warn]     |
[warn]     | longer explanation available when compiling with `-explain`
[warn] one warning found
[info] done compiling
Test run storyatlas4s.intaglio.VoyageLoweringSuite started
storyatlas4s.intaglio.VoyageLoweringSuite: finished 0.271s
Test run storyatlas4s.intaglio.VoyageLoweringSuite finished: 0 failed, 0 ignored, 30 total 0.273s
Test run storyatlas4s.intaglio.DraftLoweringSuite started
storyatlas4s.intaglio.DraftLoweringSuite: finished 0.167s
Test run storyatlas4s.intaglio.DraftLoweringSuite finished: 0 failed, 0 ignored, 7 total 0.167s
Test run storyatlas4s.intaglio.WarOfTheGhostsLoweringSuite started
storyatlas4s.intaglio.WarOfTheGhostsLoweringSuite: finished 0.431s
Test run storyatlas4s.intaglio.WarOfTheGhostsLoweringSuite finished: 0 failed, 0 ignored, 10 total 0.431s
Test run storyatlas4s.intaglio.PlateCraftSuite started
storyatlas4s.intaglio.PlateCraftSuite: finished 0.176s
Test run storyatlas4s.intaglio.PlateCraftSuite finished: 0 failed, 0 ignored, 24 total 0.177s
Test run storyatlas4s.intaglio.PagedCodexLoweringSuite started
storyatlas4s.intaglio.PagedCodexLoweringSuite: finished 0.089s
Test run storyatlas4s.intaglio.PagedCodexLoweringSuite finished: 0 failed, 0 ignored, 4 total 0.089s
Test run storyatlas4s.intaglio.RecallWindowSuite started
storyatlas4s.intaglio.RecallWindowSuite: finished 0.001s
Test run storyatlas4s.intaglio.RecallWindowSuite finished: 0 failed, 0 ignored, 2 total 0.001s
[info] Passed: Total 77, Failed 0, Errors 0, Passed 77
[success] Total time: 3 s, completed Sep 22, 2026, 10:21:20 p.m.
[info] compiling 6 Scala sources to /private/tmp/storyatlas4s-voyage-mass-20260923/intaglio/.js/target/scala-3.7.4/test-classes ...
[warn] -- [E029] Pattern Match Exhaustivity Warning: /private/tmp/storyatlas4s-voyage-mass-20260923/intaglio/src/test/scala/storyatlas4s/intaglio/PlateCraftSuite.scala:167:8 
[warn] 167 |        case ig.DeviceElement.Group(n, _, _, children) =>
[warn]     |        ^
[warn]     | match may not be exhaustive.
[warn]     |
[warn]     | It would fail on pattern case: intaglio.DeviceElement.Annotated(_, _)
[warn]     |
[warn]     | longer explanation available when compiling with `-explain`
[warn] one warning found
[info] done compiling
[info] Fast optimizing /private/tmp/storyatlas4s-voyage-mass-20260923/intaglio/.js/target/scala-3.7.4/storyatlas4s-intaglio-test-fastopt
Test run storyatlas4s.intaglio.VoyageLoweringSuite started
==> X storyatlas4s.intaglio.VoyageLoweringSuite.mass tracks distinguish measured zero, missing anchor and untimed placement 0.026s munit.ComparisonFailException: intaglio/src/test/scala/storyatlas4s/intaglio/VoyageLoweringSuite.scala:141
140:    val zero = samples(0 -> "mass-anchor")
141:    assertEquals(metadata(zero)("mass"), "0.0")
142:    assertEquals(metadata(zero)("status"), "zero")
values are not the same
=> Obtained
0
=> Diff (- expected, + obtained)
-0.0
+0
==> X storyatlas4s.intaglio.VoyageLoweringSuite.mass heights use the supplied values on independent fixed scales 0.003s munit.ComparisonFailException: intaglio/src/test/scala/storyatlas4s/intaglio/VoyageLoweringSuite.scala:179
178:      "the coarse anchor's 0.6 does not fabricate a complementary external0.4"
179:    )
180:  }
the coarse anchor's 0.6 does not fabricate a complementary external0.4
=> Obtained
0
=> Diff (- expected, + obtained)
-0.0
+0
storyatlas4s.intaglio.VoyageLoweringSuite: finished 0.098s
Test run storyatlas4s.intaglio.VoyageLoweringSuite finished: 2 failed, 0 ignored, 30 total 0.098s
Test run storyatlas4s.intaglio.DraftLoweringSuite started
storyatlas4s.intaglio.DraftLoweringSuite: finished 0.069s
Test run storyatlas4s.intaglio.DraftLoweringSuite finished: 0 failed, 0 ignored, 7 total 0.069s
Test run storyatlas4s.intaglio.WarOfTheGhostsLoweringSuite started
storyatlas4s.intaglio.WarOfTheGhostsLoweringSuite: finished 0.437s
Test run storyatlas4s.intaglio.WarOfTheGhostsLoweringSuite finished: 0 failed, 0 ignored, 10 total 0.437s
Test run storyatlas4s.intaglio.PlateCraftSuite started
storyatlas4s.intaglio.PlateCraftSuite: finished 0.205s
Test run storyatlas4s.intaglio.PlateCraftSuite finished: 0 failed, 0 ignored, 24 total 0.205s
Test run storyatlas4s.intaglio.PagedCodexLoweringSuite started
storyatlas4s.intaglio.PagedCodexLoweringSuite: finished 0.099s
Test run storyatlas4s.intaglio.PagedCodexLoweringSuite finished: 0 failed, 0 ignored, 4 total 0.099s
Test run storyatlas4s.intaglio.RecallWindowSuite started
storyatlas4s.intaglio.RecallWindowSuite: finished 0.000s
Test run storyatlas4s.intaglio.RecallWindowSuite finished: 0 failed, 0 ignored, 2 total 0.000s
[error] Failed: Total 77, Failed 2, Errors 0, Passed 75
[error] Failed tests:
[error] 	storyatlas4s.intaglio.VoyageLoweringSuite
[error] (intaglioJS / Test / test) sbt.TestsFailedException: Tests unsuccessful
[error] Total time: 5 s, completed Sep 22, 2026, 10:21:25 p.m.
