[info] welcome to sbt 1.12.14 (Homebrew Java 25.0.1)
[info] loading settings for project storyatlas4s-voyage-mass-20260923-build from plugins.sbt...
[info] loading project definition from /private/tmp/storyatlas4s-voyage-mass-20260923/project
[info] loading settings for project root from build.sbt...
[info] loading settings for project intaglio-build from plugins.sbt...
[info] loading project definition from /private/tmp/voyage-mass-deps-20260923/intaglio/project
[info] loading settings for project root from build.sbt...
[info] loading settings for project storymodel4s-build from plugins.sbt...
[info] loading project definition from /private/tmp/voyage-mass-deps-20260923/storymodel4s/project
[info] loading settings for project root from build.sbt...
[info] loading settings for project grakern-build from plugins.sbt...
[info] loading project definition from /private/tmp/voyage-mass-deps-20260923/grakern/project
[info] loading settings for project root from build.sbt...
[info] loading settings for project gale-build from plugins.sbt...
[info] loading project definition from /private/tmp/voyage-mass-sbt-staging-20260923/c6b5fe94c20cf0d05b05/gale/project
[info] loading settings for project root from build.sbt...
[info] loading settings for project graph4s-build from plugins.sbt...
[info] loading project definition from /private/tmp/voyage-mass-sbt-staging-20260923/8d03f2d14a9e2c9f6990/graph4s/project
[info] loading settings for project root from build.sbt...
[info] resolving key references (148721 settings) ...
[info] set current project to root (in build file:/private/tmp/storyatlas4s-voyage-mass-20260923/)
[info] compiling 1 Scala source to /private/tmp/storyatlas4s-voyage-mass-20260923/intaglio/.jvm/target/scala-3.7.4/classes ...
[info] done compiling
[info] compiling 1 Scala source to /private/tmp/storyatlas4s-voyage-mass-20260923/intaglio/.jvm/target/scala-3.7.4/test-classes ...
[info] done compiling
Test run storyatlas4s.intaglio.VoyageLoweringSuite started
storyatlas4s.intaglio.VoyageLoweringSuite: finished 0.586s
Test run storyatlas4s.intaglio.VoyageLoweringSuite finished: 0 failed, 0 ignored, 30 total 0.595s
[info] Passed: Total 30, Failed 0, Errors 0, Passed 30
[success] Total time: 11 s, completed Sep 22, 2026, 10:30:47 p.m.
