[info] welcome to sbt 1.12.14 (Homebrew Java 25.0.1)
[info] loading settings for project storyatlas4s-voyage-mass-20260923-build from plugins.sbt...
[info] loading project definition from /private/tmp/storyatlas4s-voyage-mass-20260923/project
[info] loading settings for project root from build.sbt...
[info] loading settings for project intaglio-build from plugins.sbt...
[info] loading project definition from /private/tmp/voyage-mass-deps-20260923/intaglio/project
[info] loading settings for project root from build.sbt...
[info] loading settings for project storymodel4s-build from plugins.sbt...
[info] loading project definition from /private/tmp/voyage-mass-deps-20260923/storymodel4s/project
[info] loading settings for project root from build.sbt...
[info] loading settings for project grakern-build from plugins.sbt...
[info] loading project definition from /private/tmp/voyage-mass-deps-20260923/grakern/project
[info] loading settings for project root from build.sbt...
[info] loading settings for project gale-build from plugins.sbt...
[info] loading project definition from /private/tmp/voyage-mass-sbt-staging-20260923/c6b5fe94c20cf0d05b05/gale/project
[info] loading settings for project root from build.sbt...
[info] loading settings for project graph4s-build from plugins.sbt...
[info] loading project definition from /private/tmp/voyage-mass-sbt-staging-20260923/8d03f2d14a9e2c9f6990/graph4s/project
[info] loading settings for project root from build.sbt...
[info] resolving key references (148721 settings) ...
[info] set current project to root (in build file:/private/tmp/storyatlas4s-voyage-mass-20260923/)
[info] scalafmt: Formatting 1 Scala sources (/private/tmp/storyatlas4s-voyage-mass-20260923/intaglio/.jvm)...
[info] scalafmt: Formatting 1 Scala sources (/private/tmp/storyatlas4s-voyage-mass-20260923/intaglio/.js)...
[info] scalafmt: Formatting 1 Scala sources (/private/tmp/storyatlas4s-voyage-mass-20260923/intaglio/.jvm)...
[info] scalafmt: Formatting 1 Scala sources (/private/tmp/storyatlas4s-voyage-mass-20260923/intaglio/.js)...
[info] scalafmt: Formatting 1 Scala sources (/private/tmp/storyatlas4s-voyage-mass-20260923/app)...
[info] scalafmt: Reformatted 1 Scala sources
[info] scalafmt: Reformatted 1 Scala sources
[success] Total time: 2 s, completed Sep 22, 2026, 10:43:32 p.m.
[info] compiling 1 Scala source to /private/tmp/storyatlas4s-voyage-mass-20260923/intaglio/.jvm/target/scala-3.7.4/classes ...
[info] done compiling
[info] compiling 1 Scala source to /private/tmp/storyatlas4s-voyage-mass-20260923/intaglio/.jvm/target/scala-3.7.4/test-classes ...
[info] done compiling
Test run storyatlas4s.intaglio.VoyageLoweringSuite started
storyatlas4s.intaglio.VoyageLoweringSuite: finished 0.273s
Test run storyatlas4s.intaglio.VoyageLoweringSuite finished: 0 failed, 0 ignored, 30 total 0.282s
[info] Passed: Total 30, Failed 0, Errors 0, Passed 30
[success] Total time: 9 s, completed Sep 22, 2026, 10:43:41 p.m.
[info] compiling 1 Scala source to /private/tmp/storyatlas4s-voyage-mass-20260923/intaglio/.js/target/scala-3.7.4/classes ...
[info] done compiling
[info] compiling 1 Scala source to /private/tmp/storyatlas4s-voyage-mass-20260923/intaglio/.js/target/scala-3.7.4/test-classes ...
[info] done compiling
[info] Fast optimizing /private/tmp/storyatlas4s-voyage-mass-20260923/intaglio/.js/target/scala-3.7.4/storyatlas4s-intaglio-test-fastopt
Test run storyatlas4s.intaglio.VoyageLoweringSuite started
storyatlas4s.intaglio.VoyageLoweringSuite: finished 0.083s
Test run storyatlas4s.intaglio.VoyageLoweringSuite finished: 0 failed, 0 ignored, 30 total 0.083s
[info] Passed: Total 30, Failed 0, Errors 0, Passed 30
[success] Total time: 8 s, completed Sep 22, 2026, 10:43:49 p.m.
[info] compiling 1 Scala source to /private/tmp/storyatlas4s-voyage-mass-20260923/app/target/scala-3.7.4/classes ...
[info] done compiling
[info] Fast optimizing /private/tmp/storyatlas4s-voyage-mass-20260923/app/target/scala-3.7.4/storyatlas4s-app-test-fastopt
Test run storyatlas4s.app.MatrixCellsSuite started
storyatlas4s.app.MatrixCellsSuite: finished 0.004s
Test run storyatlas4s.app.MatrixCellsSuite finished: 0 failed, 0 ignored, 3 total 0.004s
[info] Passed: Total 3, Failed 0, Errors 0, Passed 3
[success] Total time: 4 s, completed Sep 22, 2026, 10:43:53 p.m.
[info] scalafmt: Checking 1 Scala sources (/private/tmp/storyatlas4s-voyage-mass-20260923/intaglio/.jvm)...
[success] Total time: 1 s, completed Sep 22, 2026, 10:43:54 p.m.
[info] Fast optimizing /private/tmp/storyatlas4s-voyage-mass-20260923/app/target/scala-3.7.4/storyatlas4s-app-fastopt
[success] Total time: 3 s, completed Sep 22, 2026, 10:43:57 p.m.
[success] Total time: 1 s, completed Sep 22, 2026, 10:43:58 p.m.
