[info] welcome to sbt 1.12.14 (Homebrew Java 25.0.1)
[info] loading settings for project storyatlas4s-workspace-m1-20260922-build from plugins.sbt...
[info] loading project definition from /private/tmp/storyatlas4s-workspace-m1-20260922/project
[info] loading settings for project root from build.sbt...
[info] loading settings for project storymodel4s-m1-intaglio-20260922-build from plugins.sbt...
[info] loading project definition from /private/tmp/storymodel4s-m1-intaglio-20260922/project
[info] loading settings for project root from build.sbt...
[info] loading settings for project storymodel4s-workspace-m1-20260922-build from plugins.sbt...
[info] loading project definition from /private/tmp/storymodel4s-workspace-m1-20260922/project
[info] loading settings for project root from build.sbt...
[info] loading settings for project storymodel4s-m1-grakern-20260922-build from plugins.sbt...
[info] loading project definition from /private/tmp/storymodel4s-m1-grakern-20260922/project
[info] loading settings for project root from build.sbt...
[info] loading settings for project gale-build from plugins.sbt...
[info] loading project definition from /private/tmp/storymodel4s-m1-sbt-staging-20260922/c6b5fe94c20cf0d05b05/gale/project
[info] loading settings for project root from build.sbt...
[info] loading settings for project graph4s-build from plugins.sbt...
[info] loading project definition from /private/tmp/storymodel4s-m1-sbt-staging-20260922/8d03f2d14a9e2c9f6990/graph4s/project
[info] loading settings for project root from build.sbt...
[info] resolving key references (148721 settings) ...
[info] set current project to root (in build file:/private/tmp/storyatlas4s-workspace-m1-20260922/)
[info] scalafmt: Formatting 2 Scala sources (/private/tmp/storyatlas4s-workspace-m1-20260922/app)...
[info] scalafmt: Formatting 1 Scala sources (/private/tmp/storyatlas4s-workspace-m1-20260922/shell/.jvm)...
[info] scalafmt: Reformatted 2 Scala sources
[success] Total time: 1 s, completed Sep 22, 2026, 9:46:42 p.m.
[info] compiling 3 Scala sources to /private/tmp/storyatlas4s-workspace-m1-20260922/app/target/scala-3.7.4/classes ...
[info] done compiling
[success] Total time: 7 s, completed Sep 22, 2026, 9:46:49 p.m.
[info] Fast optimizing /private/tmp/storyatlas4s-workspace-m1-20260922/app/target/scala-3.7.4/storyatlas4s-app-fastopt
[success] Total time: 5 s, completed Sep 22, 2026, 9:46:54 p.m.
[success] Total time: 1 s, completed Sep 22, 2026, 9:46:55 p.m.
