[info] welcome to sbt 1.12.14 (Homebrew Java 25.0.1)
[info] loading settings for project storyatlas4s-workspace-m1-20260922-build from plugins.sbt...
[info] loading project definition from /private/tmp/storyatlas4s-workspace-m1-20260922/project
[info] loading settings for project root from build.sbt...
[info] loading settings for project storymodel4s-m1-intaglio-20260922-build from plugins.sbt...
[info] loading project definition from /private/tmp/storymodel4s-m1-intaglio-20260922/project
[info] loading settings for project root from build.sbt...
[info] loading settings for project storymodel4s-workspace-m1-20260922-build from plugins.sbt...
[info] loading project definition from /private/tmp/storymodel4s-workspace-m1-20260922/project
[info] loading settings for project root from build.sbt...
[info] loading settings for project storymodel4s-m1-grakern-20260922-build from plugins.sbt...
[info] loading project definition from /private/tmp/storymodel4s-m1-grakern-20260922/project
[info] loading settings for project root from build.sbt...
[info] loading settings for project gale-build from plugins.sbt...
[info] loading project definition from /private/tmp/storymodel4s-m1-sbt-staging-20260922/c6b5fe94c20cf0d05b05/gale/project
[info] loading settings for project root from build.sbt...
[info] loading settings for project graph4s-build from plugins.sbt...
[info] loading project definition from /private/tmp/storymodel4s-m1-sbt-staging-20260922/8d03f2d14a9e2c9f6990/graph4s/project
[info] loading settings for project root from build.sbt...
[info] resolving key references (148721 settings) ...
[info] set current project to root (in build file:/private/tmp/storyatlas4s-workspace-m1-20260922/)
[info] scalafmt: Formatting 1 Scala sources (/private/tmp/storyatlas4s-workspace-m1-20260922/shell/.js)...
[info] scalafmt: Formatting 1 Scala sources (/private/tmp/storyatlas4s-workspace-m1-20260922/shell/.jvm)...
[success] Total time: 1 s, completed Sep 22, 2026, 8:06:53 p.m.
[info] compiling 6 Scala sources to /private/tmp/storyatlas4s-workspace-m1-20260922/shell/.jvm/target/scala-3.7.4/test-classes ...
[info] done compiling
Test run storyatlas4s.shell.WorkspaceControllerSuite started
==> X storyatlas4s.shell.WorkspaceControllerSuite.independent horizons and cursors preserve selection and clip only exact supplied fragments 0.021s munit.ComparisonFailException: shell/src/test/scala/storyatlas4s/shell/WorkspaceControllerSuite.scala:92
91:    assertEquals(ok(moved.recallEvidence(u0)), Vector.empty)
92:    assertEquals(ok(moved.sourceEvidence(ring)).get.map(_._2), Vector("A bell rang."))
93:    assertEquals(moved.state.viewport.sourceCursor.map(_.value), Some(20.0))
values are not the same
=> Obtained
Nil
=> Diff (- expected, + obtained)
-Vector(
-  "A bell rang."
-)
+Nil
    at munit.FunSuite.assertEquals(FunSuite.scala:12)
    at storyatlas4s.shell.WorkspaceControllerSuite.$init$$$anonfun$4(WorkspaceControllerSuite.scala:92)
==> X storyatlas4s.shell.WorkspaceControllerSuite.replay refuses a correspondence outside the fixed cut just as interactive inspection does 0.032s munit.FailException: shell/src/test/scala/storyatlas4s/shell/WorkspaceControllerSuite.scala:17 UnsupportedContent
16:  private def initial = WorkspaceController.open(workspaces("bell")).toOption.get
17:  private def ok[A](value: Either[?, A]): A = value.fold(e => fail(e.toString), identity)
18:  private val u0 = RecallUnitId.unsafe("m1:u0")
    at munit.Assertions.fail(Assertions.scala:297)
    at munit.Assertions.fail$(Assertions.scala:20)
    at munit.FunSuite.fail(FunSuite.scala:12)
    at storyatlas4s.shell.WorkspaceControllerSuite.ok$$anonfun$1(WorkspaceControllerSuite.scala:17)
    at scala.util.Either.fold(Either.scala:198)
    at storyatlas4s.shell.WorkspaceControllerSuite.ok(WorkspaceControllerSuite.scala:17)
    at storyatlas4s.shell.WorkspaceControllerSuite.$init$$$anonfun$7(WorkspaceControllerSuite.scala:248)
==> X storyatlas4s.shell.WorkspaceControllerSuite.an empty recall opens and replays without manufacturing a selected unit 0.019s munit.FailException: shell/src/test/scala/storyatlas4s/shell/WorkspaceControllerSuite.scala:17 UnsupportedContent
16:  private def initial = WorkspaceController.open(workspaces("bell")).toOption.get
17:  private def ok[A](value: Either[?, A]): A = value.fold(e => fail(e.toString), identity)
18:  private val u0 = RecallUnitId.unsafe("m1:u0")
    at munit.Assertions.fail(Assertions.scala:297)
    at munit.Assertions.fail$(Assertions.scala:20)
    at munit.FunSuite.fail(FunSuite.scala:12)
    at storyatlas4s.shell.WorkspaceControllerSuite.ok$$anonfun$1(WorkspaceControllerSuite.scala:17)
    at scala.util.Either.fold(Either.scala:198)
    at storyatlas4s.shell.WorkspaceControllerSuite.ok(WorkspaceControllerSuite.scala:17)
    at storyatlas4s.shell.WorkspaceControllerSuite.$init$$$anonfun$8(WorkspaceControllerSuite.scala:263)
storyatlas4s.shell.WorkspaceControllerSuite: finished 3.306s
Test run storyatlas4s.shell.WorkspaceControllerSuite finished: 3 failed, 0 ignored, 8 total 3.341s
Test run storyatlas4s.shell.WorkspaceOpenSuite started
storyatlas4s.shell.WorkspaceOpenSuite: finished 1.104s
Test run storyatlas4s.shell.WorkspaceOpenSuite finished: 0 failed, 0 ignored, 2 total 1.104s
[error] Failed: Total 10, Failed 3, Errors 0, Passed 7
[error] Failed tests:
[error] 	storyatlas4s.shell.WorkspaceControllerSuite
[error] (shellJVM / Test / testOnly) sbt.TestsFailedException: Tests unsuccessful
[error] Total time: 11 s, completed Sep 22, 2026, 8:07:04 p.m.
