[info] welcome to sbt 1.12.14 (Homebrew Java 25.0.1)
[info] loading settings for project storyatlas4s-workspace-m1-20260922-build from plugins.sbt...
[info] loading project definition from /private/tmp/storyatlas4s-workspace-m1-20260922/project
[info] loading settings for project root from build.sbt...
[info] loading settings for project storymodel4s-m1-intaglio-20260922-build from plugins.sbt...
[info] loading project definition from /private/tmp/storymodel4s-m1-intaglio-20260922/project
[info] loading settings for project root from build.sbt...
[info] loading settings for project storymodel4s-workspace-m1-20260922-build from plugins.sbt...
[info] loading project definition from /private/tmp/storymodel4s-workspace-m1-20260922/project
[info] loading settings for project root from build.sbt...
[info] loading settings for project storymodel4s-m1-grakern-20260922-build from plugins.sbt...
[info] loading project definition from /private/tmp/storymodel4s-m1-grakern-20260922/project
[info] loading settings for project root from build.sbt...
[info] loading settings for project gale-build from plugins.sbt...
[info] loading project definition from /private/tmp/storymodel4s-m1-sbt-staging-20260922/c6b5fe94c20cf0d05b05/gale/project
[info] loading settings for project root from build.sbt...
[info] loading settings for project graph4s-build from plugins.sbt...
[info] loading project definition from /private/tmp/storymodel4s-m1-sbt-staging-20260922/8d03f2d14a9e2c9f6990/graph4s/project
[info] loading settings for project root from build.sbt...
[info] resolving key references (148721 settings) ...
[info] set current project to root (in build file:/private/tmp/storyatlas4s-workspace-m1-20260922/)
[info] scalafmt: Formatting 1 Scala sources (/private/tmp/storyatlas4s-workspace-m1-20260922/shell/.jvm)...
[info] scalafmt: Formatting 1 Scala sources (/private/tmp/storyatlas4s-workspace-m1-20260922/shell/.jvm)...
[info] scalafmt: Formatting 1 Scala sources (/private/tmp/storyatlas4s-workspace-m1-20260922/shell/.js)...
[info] scalafmt: Formatting 1 Scala sources (/private/tmp/storyatlas4s-workspace-m1-20260922/shell/.js)...
[success] Total time: 1 s, completed Sep 22, 2026, 8:08:25 p.m.
[info] compiling 1 Scala source to /private/tmp/storyatlas4s-workspace-m1-20260922/shell/.jvm/target/scala-3.7.4/classes ...
[info] done compiling
[info] compiling 1 Scala source to /private/tmp/storyatlas4s-workspace-m1-20260922/shell/.jvm/target/scala-3.7.4/test-classes ...
[info] done compiling
Test run storyatlas4s.shell.WorkspaceControllerSuite started
storyatlas4s.shell.WorkspaceControllerSuite: finished 2.209s
Test run storyatlas4s.shell.WorkspaceControllerSuite finished: 0 failed, 0 ignored, 8 total 2.22s
Test run storyatlas4s.shell.WorkspaceOpenSuite started
storyatlas4s.shell.WorkspaceOpenSuite: finished 1.038s
Test run storyatlas4s.shell.WorkspaceOpenSuite finished: 0 failed, 0 ignored, 2 total 1.04s
[info] Passed: Total 10, Failed 0, Errors 0, Passed 10
[success] Total time: 9 s, completed Sep 22, 2026, 8:08:34 p.m.
[info] compiling 1 Scala source to /private/tmp/storyatlas4s-workspace-m1-20260922/layout/.jvm/target/scala-3.7.4/test-classes ...
[info] compiling 10 Scala sources to /private/tmp/storyatlas4s-workspace-m1-20260922/cli/target/scala-3.7.4/classes ...
[info] done compiling
[warn] -- [E175] Potential Issue Warning: /private/tmp/storyatlas4s-workspace-m1-20260922/cli/src/main/scala/storyatlas4s/cli/CodexHtml.scala:252:19 
[warn] 249 |          out
[warn] 250 |            .append("<span class=\"sel\">")
[warn] 251 |            .append(escapeText(text.substring(from, to)))
[warn] 252 |            .append("</span>")
[warn]     |          ^
[warn]     |discarded non-Unit value of type StringBuilder. Add `: Unit` to discard silently.
[warn] -- [E198] Unused Symbol Warning: /private/tmp/storyatlas4s-workspace-m1-20260922/cli/src/main/scala/storyatlas4s/cli/Workspace.scala:3:28 
[warn] 3 |import _root_.intaglio.svg.{SvgOptions, SvgRenderer}
[warn]   |                            ^^^^^^^^^^
[warn]   |                            unused import
[warn] -- [E198] Unused Symbol Warning: /private/tmp/storyatlas4s-workspace-m1-20260922/cli/src/main/scala/storyatlas4s/cli/Workspace.scala:3:40 
[warn] 3 |import _root_.intaglio.svg.{SvgOptions, SvgRenderer}
[warn]   |                                        ^^^^^^^^^^^
[warn]   |                                        unused import
[warn] -- [E198] Unused Symbol Warning: /private/tmp/storyatlas4s-workspace-m1-20260922/cli/src/main/scala/storyatlas4s/cli/Workspace.scala:4:23 
[warn] 4 |import cats.syntax.all.*
[warn]   |                       ^
[warn]   |                       unused import
[warn] -- [E198] Unused Symbol Warning: /private/tmp/storyatlas4s-workspace-m1-20260922/cli/src/main/scala/storyatlas4s/cli/Workspace.scala:6:29 
[warn] 6 |import storyatlas4s.intaglio.PagedCodexLowering
[warn]   |                             ^^^^^^^^^^^^^^^^^^
[warn]   |                             unused import
[warn] 5 warnings found
[info] done compiling
[info] compiling 5 Scala sources to /private/tmp/storyatlas4s-workspace-m1-20260922/cli/target/scala-3.7.4/test-classes ...
[warn] -- [E198] Unused Symbol Warning: /private/tmp/storyatlas4s-workspace-m1-20260922/cli/src/test/scala/storyatlas4s/cli/WorkspaceSuite.scala:7:27 
[warn] 7 |import storyatlas4s.layout.*
[warn]   |                           ^
[warn]   |                           unused import
[warn] one warning found
[info] done compiling
Test run storyatlas4s.cli.ModelInputSuite started
storyatlas4s.cli.ModelInputSuite: finished 2.704s
Test run storyatlas4s.cli.ModelInputSuite finished: 0 failed, 0 ignored, 22 total 2.707s
[info] Passed: Total 22, Failed 0, Errors 0, Passed 22
[success] Total time: 7 s, completed Sep 22, 2026, 8:08:41 p.m.
[info] compiling 14 Scala sources to /private/tmp/storymodel4s-workspace-m1-20260922/core/.js/target/scala-3.7.4/classes ...
[info] done compiling
[info] compiling 6 Scala sources to /private/tmp/storymodel4s-workspace-m1-20260922/proposition/.js/target/scala-3.7.4/classes ...
[info] compiling 10 Scala sources to /private/tmp/storymodel4s-workspace-m1-20260922/features/.js/target/scala-3.7.4/classes ...
[info] done compiling
[info] compiling 16 Scala sources to /private/tmp/storymodel4s-workspace-m1-20260922/amr-interop/.js/target/scala-3.7.4/classes ...
[info] compiling 10 Scala sources to /private/tmp/storymodel4s-workspace-m1-20260922/acquire/.js/target/scala-3.7.4/classes ...
[info] done compiling
[info] compiling 14 Scala sources to /private/tmp/storymodel4s-workspace-m1-20260922/story/.js/target/scala-3.7.4/classes ...
[info] done compiling
[info] compiling 9 Scala sources to /private/tmp/storymodel4s-workspace-m1-20260922/recall/.js/target/scala-3.7.4/classes ...
[info] done compiling
[info] compiling 9 Scala sources to /private/tmp/storymodel4s-workspace-m1-20260922/embed-core/.js/target/scala-3.7.4/classes ...
[info] compiling 13 Scala sources to /private/tmp/storymodel4s-workspace-m1-20260922/document/.js/target/scala-3.7.4/classes ...
[info] done compiling
[info] done compiling
[info] compiling 25 Scala sources to /private/tmp/storymodel4s-workspace-m1-20260922/align/.js/target/scala-3.7.4/classes ...
[info] done compiling
[info] done compiling
[info] done compiling
[info] compiling 10 Scala sources to /private/tmp/storymodel4s-workspace-m1-20260922/interview/.js/target/scala-3.7.4/classes ...
[info] compiling 12 Scala sources to /private/tmp/storymodel4s-workspace-m1-20260922/view/.js/target/scala-3.7.4/classes ...
[info] done compiling
[info] done compiling
[info] compiling 1 Scala source to /private/tmp/storyatlas4s-workspace-m1-20260922/layout/.js/target/scala-3.7.4/classes ...
[info] compiling 29 Scala sources to /private/tmp/storymodel4s-workspace-m1-20260922/codec/.js/target/scala-3.7.4/classes ...
[info] done compiling
[info] compiling 3 Scala sources to /private/tmp/storyatlas4s-workspace-m1-20260922/intaglio/.js/target/scala-3.7.4/classes ...
[info] done compiling
[info] done compiling
[info] compiling 5 Scala sources to /private/tmp/storymodel4s-workspace-m1-20260922/fixtures/.js/target/scala-3.7.4/classes ...
[info] compiling 7 Scala sources to /private/tmp/storyatlas4s-workspace-m1-20260922/edition/.js/target/scala-3.7.4/classes ...
[info] done compiling
[info] compiling 9 Scala sources to /private/tmp/storyatlas4s-workspace-m1-20260922/shell/.js/target/scala-3.7.4/classes ...
[info] done compiling
[info] done compiling
[info] compiling 4 Scala sources to /private/tmp/storyatlas4s-workspace-m1-20260922/app/target/scala-3.7.4/classes ...
[info] done compiling
[success] Total time: 26 s, completed Sep 22, 2026, 8:09:08 p.m.
