[info] welcome to sbt 1.12.14 (Homebrew Java 25.0.1)
[info] loading settings for project storyatlas4s-workspace-m1-20260922-build from plugins.sbt...
[info] loading project definition from /private/tmp/storyatlas4s-workspace-m1-20260922/project
[info] loading settings for project root from build.sbt...
[info] loading settings for project storymodel4s-m1-intaglio-20260922-build from plugins.sbt...
[info] loading project definition from /private/tmp/storymodel4s-m1-intaglio-20260922/project
[info] loading settings for project root from build.sbt...
[info] loading settings for project storymodel4s-workspace-m1-20260922-build from plugins.sbt...
[info] loading project definition from /private/tmp/storymodel4s-workspace-m1-20260922/project
[info] loading settings for project root from build.sbt...
[info] loading settings for project storymodel4s-m1-grakern-20260922-build from plugins.sbt...
[info] loading project definition from /private/tmp/storymodel4s-m1-grakern-20260922/project
[info] loading settings for project root from build.sbt...
[info] loading settings for project gale-build from plugins.sbt...
[info] loading project definition from /private/tmp/storymodel4s-m1-sbt-staging-20260922/c6b5fe94c20cf0d05b05/gale/project
[info] loading settings for project root from build.sbt...
[info] loading settings for project graph4s-build from plugins.sbt...
[info] loading project definition from /private/tmp/storymodel4s-m1-sbt-staging-20260922/8d03f2d14a9e2c9f6990/graph4s/project
[info] loading settings for project root from build.sbt...
[info] resolving key references (148721 settings) ...
[info] set current project to root (in build file:/private/tmp/storyatlas4s-workspace-m1-20260922/)
[info] scalafmt: Formatting 3 Scala sources (/private/tmp/storyatlas4s-workspace-m1-20260922/edition/.jvm)...
[info] scalafmt: Formatting 2 Scala sources (/private/tmp/storyatlas4s-workspace-m1-20260922/edition/.js)...
[info] scalafmt: Formatting 1 Scala sources (/private/tmp/storyatlas4s-workspace-m1-20260922/edition/.js)...
[info] scalafmt: Formatting 1 Scala sources (/private/tmp/storyatlas4s-workspace-m1-20260922/intaglio/.jvm)...
[info] scalafmt: Reformatted 1 Scala sources
[info] scalafmt: Reformatted 1 Scala sources
[success] Total time: 2 s, completed Sep 22, 2026, 8:05:30 p.m.
[info] compiling 4 Scala sources to /private/tmp/storyatlas4s-workspace-m1-20260922/edition/.jvm/target/scala-3.7.4/test-classes ...
[info] done compiling
Test run storyatlas4s.edition.WorkspacePacketSuite started
storyatlas4s.edition.WorkspacePacketSuite: finished 2.134s
Test run storyatlas4s.edition.WorkspacePacketSuite finished: 0 failed, 0 ignored, 8 total 2.144s
Test run storyatlas4s.edition.SourceInputSuite started
storyatlas4s.edition.SourceInputSuite: finished 0.897s
Test run storyatlas4s.edition.SourceInputSuite finished: 0 failed, 0 ignored, 1 total 0.897s
Test run storyatlas4s.edition.ArtifactInputSuite started
storyatlas4s.edition.ArtifactInputSuite: finished 0.577s
Test run storyatlas4s.edition.ArtifactInputSuite finished: 0 failed, 0 ignored, 4 total 0.577s
[info] Passed: Total 13, Failed 0, Errors 0, Passed 13
[success] Total time: 8 s, completed Sep 22, 2026, 8:05:38 p.m.
[info] compiling 3 Scala sources to /private/tmp/storyatlas4s-workspace-m1-20260922/intaglio/.jvm/target/scala-3.7.4/classes ...
[info] compiling 6 Scala sources to /private/tmp/storymodel4s-workspace-m1-20260922/fixtures/.jvm/target/scala-3.7.4/classes ...
[info] done compiling
[info] done compiling
[info] compiling 9 Scala sources to /private/tmp/storyatlas4s-workspace-m1-20260922/shell/.jvm/target/scala-3.7.4/classes ...
[info] done compiling
[info] compiling 6 Scala sources to /private/tmp/storyatlas4s-workspace-m1-20260922/shell/.jvm/target/scala-3.7.4/test-classes ...
[error] -- [E007] Type Mismatch Error: /private/tmp/storyatlas4s-workspace-m1-20260922/shell/src/test/scala/storyatlas4s/shell/WorkspaceControllerSuite.scala:140:43 
[error] 140 |      assertEquals(compiled.receipts.toMap("basis"), ViewBasis.DraftBuild.label)
[error]     |                                           ^^^^^^^
[error]     |                             Found:    ("basis" : String)
[error]     |                             Required: (String, String) <:< (Any, Any)
[error]     |
[error]     | longer explanation available when compiling with `-explain`
[error] one error found
[error] (shellJVM / Test / compileIncremental) Compilation failed
[error] Total time: 6 s, completed Sep 22, 2026, 8:05:44 p.m.
