[info] welcome to sbt 1.12.14 (Homebrew Java 25.0.1)
[info] loading settings for project storyatlas4s-workspace-m1-20260922-build from plugins.sbt...
[info] loading project definition from /private/tmp/storyatlas4s-workspace-m1-20260922/project
[info] loading settings for project root from build.sbt...
[info] loading settings for project storymodel4s-m1-intaglio-20260922-build from plugins.sbt...
[info] loading project definition from /private/tmp/storymodel4s-m1-intaglio-20260922/project
[info] loading settings for project root from build.sbt...
[info] loading settings for project storymodel4s-workspace-m1-20260922-build from plugins.sbt...
[info] loading project definition from /private/tmp/storymodel4s-workspace-m1-20260922/project
[info] loading settings for project root from build.sbt...
[info] loading settings for project storymodel4s-m1-grakern-20260922-build from plugins.sbt...
[info] loading project definition from /private/tmp/storymodel4s-m1-grakern-20260922/project
[info] loading settings for project root from build.sbt...
[info] loading settings for project gale-build from plugins.sbt...
[info] loading project definition from /private/tmp/storymodel4s-m1-sbt-staging-20260922/c6b5fe94c20cf0d05b05/gale/project
[info] loading settings for project root from build.sbt...
[info] loading settings for project graph4s-build from plugins.sbt...
[info] loading project definition from /private/tmp/storymodel4s-m1-sbt-staging-20260922/8d03f2d14a9e2c9f6990/graph4s/project
[info] loading settings for project root from build.sbt...
[info] resolving key references (148721 settings) ...
[info] set current project to root (in build file:/private/tmp/storyatlas4s-workspace-m1-20260922/)
[info] scalafmt: Formatting 3 Scala sources (/private/tmp/storyatlas4s-workspace-m1-20260922/edition/.js)...
[info] scalafmt: Formatting 3 Scala sources (/private/tmp/storyatlas4s-workspace-m1-20260922/edition/.jvm)...
[info] scalafmt: Formatting 1 Scala sources (/private/tmp/storyatlas4s-workspace-m1-20260922/intaglio/.js)...
[info] scalafmt: Formatting 3 Scala sources (/private/tmp/storyatlas4s-workspace-m1-20260922/edition/.js)...
[info] scalafmt: Formatting 6 Scala sources (/private/tmp/storyatlas4s-workspace-m1-20260922/shell/.js)...
[info] scalafmt: Formatting 3 Scala sources (/private/tmp/storyatlas4s-workspace-m1-20260922/edition/.jvm)...
[info] scalafmt: Formatting 9 Scala sources (/private/tmp/storyatlas4s-workspace-m1-20260922/shell/.js)...
[info] scalafmt: Formatting 1 Scala sources (/private/tmp/storyatlas4s-workspace-m1-20260922/intaglio/.jvm)...
[info] scalafmt: Formatting 6 Scala sources (/private/tmp/storyatlas4s-workspace-m1-20260922/shell/.jvm)...
[info] scalafmt: Formatting 9 Scala sources (/private/tmp/storyatlas4s-workspace-m1-20260922/shell/.jvm)...
[info] scalafmt: Formatting 2 Scala sources (/private/tmp/storyatlas4s-workspace-m1-20260922/cli)...
[info] scalafmt: Formatting 1 Scala sources (/private/tmp/storyatlas4s-workspace-m1-20260922/cli)...
[info] scalafmt: Formatting 2 Scala sources (/private/tmp/storyatlas4s-workspace-m1-20260922/app)...
[info] scalafmt: Reformatted 1 Scala sources
[info] scalafmt: Reformatted 1 Scala sources
[info] scalafmt: Reformatted 1 Scala sources
[info] scalafmt: Reformatted 2 Scala sources
[info] scalafmt: Reformatted 2 Scala sources
[info] scalafmt: Reformatted 1 Scala sources
[info] scalafmt: Reformatted 3 Scala sources
[info] scalafmt: Reformatted 3 Scala sources
[info] scalafmt: Reformatted 1 Scala sources
[info] scalafmt: Reformatted 2 Scala sources
[info] scalafmt: Reformatted 2 Scala sources
[info] scalafmt: Reformatted 4 Scala sources
[info] scalafmt: Reformatted 4 Scala sources
[success] Total time: 2 s, completed Sep 22, 2026, 8:03:48 p.m.
[info] scalafmt: Formatting 2 Scala sources (/private/tmp/storyatlas4s-workspace-m1-20260922)...
[info] scalafmt: Reformatted 1 Scala sources
[success] Total time: 0 s, completed Sep 22, 2026, 8:03:49 p.m.
[warn] build source files have changed
[warn] modified files: 
[warn]   /private/tmp/storyatlas4s-workspace-m1-20260922/build.sbt
[warn] Apply these changes by running `reload`.
[warn] Automatically reload the build when source changes are detected by setting `Global / onChangedBuildSource := ReloadOnSourceChanges`.
[warn] Disable this warning by setting `Global / onChangedBuildSource := IgnoreSourceChanges`.
[info] compiling 14 Scala sources to /private/tmp/storymodel4s-workspace-m1-20260922/core/.jvm/target/scala-3.7.4/classes ...
[info] done compiling
[info] compiling 6 Scala sources to /private/tmp/storymodel4s-workspace-m1-20260922/proposition/.jvm/target/scala-3.7.4/classes ...
[info] compiling 10 Scala sources to /private/tmp/storymodel4s-workspace-m1-20260922/features/.jvm/target/scala-3.7.4/classes ...
[info] done compiling
[info] compiling 16 Scala sources to /private/tmp/storymodel4s-workspace-m1-20260922/amr-interop/.jvm/target/scala-3.7.4/classes ...
[info] compiling 10 Scala sources to /private/tmp/storymodel4s-workspace-m1-20260922/acquire/.jvm/target/scala-3.7.4/classes ...
[info] done compiling
[info] compiling 14 Scala sources to /private/tmp/storymodel4s-workspace-m1-20260922/story/.jvm/target/scala-3.7.4/classes ...
[info] done compiling
[info] done compiling
[info] compiling 9 Scala sources to /private/tmp/storymodel4s-workspace-m1-20260922/recall/.jvm/target/scala-3.7.4/classes ...
[info] compiling 9 Scala sources to /private/tmp/storymodel4s-workspace-m1-20260922/embed-core/.jvm/target/scala-3.7.4/classes ...
[info] done compiling
[info] compiling 13 Scala sources to /private/tmp/storymodel4s-workspace-m1-20260922/document/.jvm/target/scala-3.7.4/classes ...
[info] done compiling
[info] compiling 25 Scala sources to /private/tmp/storymodel4s-workspace-m1-20260922/align/.jvm/target/scala-3.7.4/classes ...
[info] done compiling
[info] done compiling
[info] done compiling
[info] compiling 10 Scala sources to /private/tmp/storymodel4s-workspace-m1-20260922/interview/.jvm/target/scala-3.7.4/classes ...
[info] compiling 12 Scala sources to /private/tmp/storymodel4s-workspace-m1-20260922/view/.jvm/target/scala-3.7.4/classes ...
[info] done compiling
[info] done compiling
[info] compiling 1 Scala source to /private/tmp/storyatlas4s-workspace-m1-20260922/layout/.jvm/target/scala-3.7.4/classes ...
[info] compiling 29 Scala sources to /private/tmp/storymodel4s-workspace-m1-20260922/codec/.jvm/target/scala-3.7.4/classes ...
[info] done compiling
[info] done compiling
[info] compiling 7 Scala sources to /private/tmp/storyatlas4s-workspace-m1-20260922/edition/.jvm/target/scala-3.7.4/classes ...
[info] done compiling
[info] compiling 4 Scala sources to /private/tmp/storyatlas4s-workspace-m1-20260922/edition/.jvm/target/scala-3.7.4/test-classes ...
[error] -- [E008] Not Found Error: /private/tmp/storyatlas4s-workspace-m1-20260922/edition/src/test/scala/storyatlas4s/edition/ArtifactInputSuite.scala:6:25 
[error] 6 |import storymodel4s.core.ArtifactId
[error]   |                         ^^^^^^^^^^
[error]   |                     value ArtifactId is not a member of storymodel4s.core
[error] -- [E006] Not Found Error: /private/tmp/storyatlas4s-workspace-m1-20260922/edition/src/test/scala/storyatlas4s/edition/ArtifactInputSuite.scala:31:23 
[error] 31 |      .from(workspace, ArtifactId.unsafe("historical-lexical"))
[error]    |                       ^^^^^^^^^^
[error]    |                       Not found: ArtifactId
[error]    |
[error]    | longer explanation available when compiling with `-explain`
[error] -- [E173] Reference Error: /private/tmp/storyatlas4s-workspace-m1-20260922/edition/src/test/scala/storyatlas4s/edition/SourceInputSuite.scala:12:9 
[error] 11 |      val source = WorkspaceArchiveCodec
[error] 12 |        .utf8(workspace.archive.manifest.bytes(WorkspaceRole.SourceModel).get)
[error]    |                   ^
[error]    |method utf8 cannot be accessed as a member of storymodel4s.codec.WorkspaceArchiveCodec.type from class SourceInputSuite.
[error]    |  private[codec] method utf8 can only be accessed from package storymodel4s.codec in package storymodel4s.
[error] three errors found
[error] (editionJVM / Test / compileIncremental) Compilation failed
[error] Total time: 29 s, completed Sep 22, 2026, 8:04:17 p.m.
