[info] welcome to sbt 1.12.14 (Homebrew Java 25.0.1)
[info] loading settings for project storyatlas4s-workspace-m1-20260922-build from plugins.sbt...
[info] loading project definition from /private/tmp/storyatlas4s-workspace-m1-20260922/project
[info] loading settings for project root from build.sbt...
[info] loading settings for project storymodel4s-m1-intaglio-20260922-build from plugins.sbt...
[info] loading project definition from /private/tmp/storymodel4s-m1-intaglio-20260922/project
[info] loading settings for project root from build.sbt...
[info] loading settings for project storymodel4s-workspace-m1-20260922-build from plugins.sbt...
[info] loading project definition from /private/tmp/storymodel4s-workspace-m1-20260922/project
[info] loading settings for project root from build.sbt...
[info] loading settings for project storymodel4s-m1-grakern-20260922-build from plugins.sbt...
[info] loading project definition from /private/tmp/storymodel4s-m1-grakern-20260922/project
[info] loading settings for project root from build.sbt...
[info] loading settings for project gale-build from plugins.sbt...
[info] loading project definition from /private/tmp/storymodel4s-m1-sbt-staging-20260922/c6b5fe94c20cf0d05b05/gale/project
[info] loading settings for project root from build.sbt...
[info] loading settings for project graph4s-build from plugins.sbt...
[info] loading project definition from /private/tmp/storymodel4s-m1-sbt-staging-20260922/8d03f2d14a9e2c9f6990/graph4s/project
[info] loading settings for project root from build.sbt...
[info] resolving key references (148721 settings) ...
[info] set current project to root (in build file:/private/tmp/storyatlas4s-workspace-m1-20260922/)
[info] scalafmt: Formatting 1 Scala sources (/private/tmp/storyatlas4s-workspace-m1-20260922/shell/.jvm)...
[info] scalafmt: Formatting 1 Scala sources (/private/tmp/storyatlas4s-workspace-m1-20260922/shell/.js)...
[info] scalafmt: Formatting 1 Scala sources (/private/tmp/storyatlas4s-workspace-m1-20260922/app)...
[info] scalafmt: Reformatted 1 Scala sources
[info] scalafmt: Reformatted 1 Scala sources
[success] Total time: 1 s, completed Sep 22, 2026, 9:34:47 p.m.
[info] compiling 1 Scala source to /private/tmp/storyatlas4s-workspace-m1-20260922/shell/.jvm/target/scala-3.7.4/test-classes ...
[error] -- [E008] Not Found Error: /private/tmp/storyatlas4s-workspace-m1-20260922/shell/src/test/scala/storyatlas4s/shell/WorkspaceExportSuite.scala:8:26 
[error] 8 |import storymodel4s.core.{ArtifactId, Checksum}
[error]   |                          ^^^^^^^^^^
[error]   |                     value ArtifactId is not a member of storymodel4s.core
[error] -- [E006] Not Found Error: /private/tmp/storyatlas4s-workspace-m1-20260922/shell/src/test/scala/storyatlas4s/shell/WorkspaceExportSuite.scala:31:60 
[error] 31 |      val chosen = selected.dispatch(WorkspaceAction.Policy(ArtifactId.unsafe(policy))).toOption.get
[error]    |                                                            ^^^^^^^^^^
[error]    |                                                   Not found: ArtifactId
[error]    |
[error]    | longer explanation available when compiling with `-explain`
[error] two errors found
[error] (shellJVM / Test / compileIncremental) Compilation failed
[error] Total time: 7 s, completed Sep 22, 2026, 9:34:54 p.m.
