[info] welcome to sbt 1.12.14 (Homebrew Java 25.0.1)
[info] loading settings for project storyatlas4s-workspace-m1-20260922-build from plugins.sbt...
[info] loading project definition from /private/tmp/storyatlas4s-workspace-m1-20260922/project
[info] loading settings for project root from build.sbt...
[info] loading settings for project storymodel4s-m1-intaglio-20260922-build from plugins.sbt...
[info] loading project definition from /private/tmp/storymodel4s-m1-intaglio-20260922/project
[info] loading settings for project root from build.sbt...
[info] loading settings for project storymodel4s-workspace-m1-20260922-build from plugins.sbt...
[info] loading project definition from /private/tmp/storymodel4s-workspace-m1-20260922/project
[info] loading settings for project root from build.sbt...
[info] loading settings for project storymodel4s-m1-grakern-20260922-build from plugins.sbt...
[info] loading project definition from /private/tmp/storymodel4s-m1-grakern-20260922/project
[info] loading settings for project root from build.sbt...
[info] loading settings for project gale-build from plugins.sbt...
[info] loading project definition from /private/tmp/storymodel4s-m1-sbt-staging-20260922/c6b5fe94c20cf0d05b05/gale/project
[info] loading settings for project root from build.sbt...
[info] loading settings for project graph4s-build from plugins.sbt...
[info] loading project definition from /private/tmp/storymodel4s-m1-sbt-staging-20260922/8d03f2d14a9e2c9f6990/graph4s/project
[info] loading settings for project root from build.sbt...
[info] resolving key references (148721 settings) ...
[info] set current project to root (in build file:/private/tmp/storyatlas4s-workspace-m1-20260922/)
[info] scalafmt: Formatting 1 Scala sources (/private/tmp/storyatlas4s-workspace-m1-20260922/shell/.js)...
[info] scalafmt: Formatting 1 Scala sources (/private/tmp/storyatlas4s-workspace-m1-20260922/shell/.jvm)...
[success] Total time: 1 s, completed Sep 22, 2026, 9:36:07 p.m.
[info] compiling 1 Scala source to /private/tmp/storyatlas4s-workspace-m1-20260922/shell/.jvm/target/scala-3.7.4/test-classes ...
[info] done compiling
Test run storyatlas4s.shell.WorkspaceExportSuite started
storyatlas4s.shell.WorkspaceExportSuite: finished 1.487s
Test run storyatlas4s.shell.WorkspaceExportSuite finished: 0 failed, 0 ignored, 3 total 1.495s
Test run storyatlas4s.shell.WorkspaceControllerSuite started
storyatlas4s.shell.WorkspaceControllerSuite: finished 1.37s
Test run storyatlas4s.shell.WorkspaceControllerSuite finished: 0 failed, 0 ignored, 10 total 1.37s
[info] Passed: Total 13, Failed 0, Errors 0, Passed 13
[success] Total time: 7 s, completed Sep 22, 2026, 9:36:15 p.m.
Test run storyatlas4s.intaglio.VoyageLoweringSuite started
storyatlas4s.intaglio.VoyageLoweringSuite: finished 0.209s
Test run storyatlas4s.intaglio.VoyageLoweringSuite finished: 0 failed, 0 ignored, 26 total 0.21s
[info] Passed: Total 26, Failed 0, Errors 0, Passed 26
[success] Total time: 1 s, completed Sep 22, 2026, 9:36:16 p.m.
