[info] welcome to sbt 1.12.14 (Homebrew Java 25.0.1)
[info] loading settings for project storyatlas4s-workspace-m1-20260922-build from plugins.sbt...
[info] loading project definition from /private/tmp/storyatlas4s-workspace-m1-20260922/project
[info] loading settings for project root from build.sbt...
[info] loading settings for project storymodel4s-m1-intaglio-20260922-build from plugins.sbt...
[info] loading project definition from /private/tmp/storymodel4s-m1-intaglio-20260922/project
[info] loading settings for project root from build.sbt...
[info] loading settings for project storymodel4s-workspace-m1-20260922-build from plugins.sbt...
[info] loading project definition from /private/tmp/storymodel4s-workspace-m1-20260922/project
[info] loading settings for project root from build.sbt...
[info] loading settings for project storymodel4s-m1-grakern-20260922-build from plugins.sbt...
[info] loading project definition from /private/tmp/storymodel4s-m1-grakern-20260922/project
[info] loading settings for project root from build.sbt...
[info] loading settings for project gale-build from plugins.sbt...
[info] loading project definition from /private/tmp/storymodel4s-m1-sbt-staging-20260922/c6b5fe94c20cf0d05b05/gale/project
[info] loading settings for project root from build.sbt...
[info] loading settings for project graph4s-build from plugins.sbt...
[info] loading project definition from /private/tmp/storymodel4s-m1-sbt-staging-20260922/8d03f2d14a9e2c9f6990/graph4s/project
[info] loading settings for project root from build.sbt...
[info] resolving key references (148721 settings) ...
[info] set current project to root (in build file:/private/tmp/storyatlas4s-workspace-m1-20260922/)
[info] compiling 1 Scala source to /private/tmp/storyatlas4s-workspace-m1-20260922/edition/.jvm/target/scala-3.7.4/classes ...
[info] compiling 3 Scala sources to /private/tmp/storyatlas4s-workspace-m1-20260922/intaglio/.jvm/target/scala-3.7.4/classes ...
[info] done compiling
[info] done compiling
[info] compiling 3 Scala sources to /private/tmp/storyatlas4s-workspace-m1-20260922/shell/.jvm/target/scala-3.7.4/classes ...
[info] done compiling
[info] compiling 4 Scala sources to /private/tmp/storyatlas4s-workspace-m1-20260922/shell/.jvm/target/scala-3.7.4/test-classes ...
[info] done compiling
Test run storyatlas4s.shell.WorkspaceControllerSuite started
storyatlas4s.shell.WorkspaceControllerSuite: finished 2.686s
Test run storyatlas4s.shell.WorkspaceControllerSuite finished: 0 failed, 0 ignored, 9 total 2.696s
Test run storyatlas4s.shell.WorkspaceImportSuite started
storyatlas4s.shell.WorkspaceImportSuite: finished 1.499s
Test run storyatlas4s.shell.WorkspaceImportSuite finished: 0 failed, 0 ignored, 3 total 1.499s
Test run storyatlas4s.shell.WorkspaceExportSuite started
storyatlas4s.shell.WorkspaceExportSuite: finished 0.583s
Test run storyatlas4s.shell.WorkspaceExportSuite finished: 0 failed, 0 ignored, 2 total 0.584s
Test run storyatlas4s.shell.WorkspaceOpenSuite started
storyatlas4s.shell.WorkspaceOpenSuite: finished 0.889s
Test run storyatlas4s.shell.WorkspaceOpenSuite finished: 0 failed, 0 ignored, 2 total 0.889s
[info] Passed: Total 16, Failed 0, Errors 0, Passed 16
[success] Total time: 15 s, completed Sep 22, 2026, 8:41:02 p.m.
