[info] welcome to sbt 1.12.14 (Homebrew Java 25.0.1)
[info] loading settings for project storyatlas4s-workspace-m1-20260922-build from plugins.sbt...
[info] loading project definition from /private/tmp/storyatlas4s-workspace-m1-20260922/project
[info] loading settings for project root from build.sbt...
[info] loading settings for project storymodel4s-m1-intaglio-20260922-build from plugins.sbt...
[info] loading project definition from /private/tmp/storymodel4s-m1-intaglio-20260922/project
[info] loading settings for project root from build.sbt...
[info] loading settings for project storymodel4s-workspace-m1-20260922-build from plugins.sbt...
[info] loading project definition from /private/tmp/storymodel4s-workspace-m1-20260922/project
[info] loading settings for project root from build.sbt...
[info] loading settings for project storymodel4s-m1-grakern-20260922-build from plugins.sbt...
[info] loading project definition from /private/tmp/storymodel4s-m1-grakern-20260922/project
[info] loading settings for project root from build.sbt...
[info] loading settings for project gale-build from plugins.sbt...
[info] loading project definition from /private/tmp/storymodel4s-m1-sbt-staging-20260922/c6b5fe94c20cf0d05b05/gale/project
[info] loading settings for project root from build.sbt...
[info] loading settings for project graph4s-build from plugins.sbt...
[info] loading project definition from /private/tmp/storymodel4s-m1-sbt-staging-20260922/8d03f2d14a9e2c9f6990/graph4s/project
[info] loading settings for project root from build.sbt...
[info] resolving key references (148721 settings) ...
[info] set current project to root (in build file:/private/tmp/storyatlas4s-workspace-m1-20260922/)
[info] compiling 1 Scala source to /private/tmp/storyatlas4s-workspace-m1-20260922/intaglio/.jvm/target/scala-3.7.4/classes ...
[warn] -- [E198] Unused Symbol Warning: /private/tmp/storyatlas4s-workspace-m1-20260922/intaglio/src/main/scala/storyatlas4s/intaglio/VoyageLowering.scala:214:6 
[warn] 214 |      visibleRecallText: Option[Map[RecallUnitId, String]] = None
[warn]     |      ^^^^^^^^^^^^^^^^^
[warn]     |      unused explicit parameter
[warn] one warning found
[info] done compiling
Test run storyatlas4s.intaglio.VoyageLoweringSuite started
==> X storyatlas4s.intaglio.VoyageLoweringSuite.explicit horizon text never falls back to beyond-horizon quotations in SVG titles 0.015s munit.FailException: intaglio/src/test/scala/storyatlas4s/intaglio/VoyageLoweringSuite.scala:491 assertion failed
490:    val hidden = ok(VoyageLowering.lower(source, visibleRecallText = Some(Map.empty)))
491:    assert(!render(hidden).contains("beyond-horizon-canary"))
492:    assertEquals(GraphicsNames.collect(hidden), GraphicsNames.collect(original))
    at munit.FunSuite.assert(FunSuite.scala:12)
    at storyatlas4s.intaglio.VoyageLoweringSuite.$init$$$anonfun$26(VoyageLoweringSuite.scala:491)
storyatlas4s.intaglio.VoyageLoweringSuite: finished 0.235s
Test run storyatlas4s.intaglio.VoyageLoweringSuite finished: 1 failed, 0 ignored, 26 total 0.241s
[error] Failed: Total 26, Failed 1, Errors 0, Passed 25
[error] Failed tests:
[error] 	storyatlas4s.intaglio.VoyageLoweringSuite
[error] (intaglioJVM / Test / testOnly) sbt.TestsFailedException: Tests unsuccessful
[error] Total time: 6 s, completed Sep 22, 2026, 9:37:57 p.m.
