[info] welcome to sbt 1.12.14 (Homebrew Java 25.0.1)
[info] loading settings for project storyatlas4s-workspace-m1-20260922-build from plugins.sbt...
[info] loading project definition from /private/tmp/storyatlas4s-workspace-m1-20260922/project
[info] loading settings for project root from build.sbt...
[info] loading settings for project storymodel4s-m1-intaglio-20260922-build from plugins.sbt...
[info] loading project definition from /private/tmp/storymodel4s-m1-intaglio-20260922/project
[info] loading settings for project root from build.sbt...
[info] loading settings for project storymodel4s-workspace-m1-20260922-build from plugins.sbt...
[info] loading project definition from /private/tmp/storymodel4s-workspace-m1-20260922/project
[info] loading settings for project root from build.sbt...
[info] loading settings for project storymodel4s-m1-grakern-20260922-build from plugins.sbt...
[info] loading project definition from /private/tmp/storymodel4s-m1-grakern-20260922/project
[info] loading settings for project root from build.sbt...
[info] loading settings for project gale-build from plugins.sbt...
[info] loading project definition from /private/tmp/storymodel4s-m1-sbt-staging-20260922/c6b5fe94c20cf0d05b05/gale/project
[info] loading settings for project root from build.sbt...
[info] loading settings for project graph4s-build from plugins.sbt...
[info] loading project definition from /private/tmp/storymodel4s-m1-sbt-staging-20260922/8d03f2d14a9e2c9f6990/graph4s/project
[info] loading settings for project root from build.sbt...
[info] resolving key references (148721 settings) ...
[info] set current project to root (in build file:/private/tmp/storyatlas4s-workspace-m1-20260922/)
[info] scalafmt: Formatting 3 Scala sources (/private/tmp/storyatlas4s-workspace-m1-20260922/app)...
[error] org.scalafmt.sbt.ScalafmtSbtReporter$ScalafmtSbtError: scalafmt: [3.10.7] /private/tmp/storyatlas4s-workspace-m1-20260922/app/src/main/scala/storyatlas4s/app/VoyageView.scala:307: error: [dialect scala3] `)` expected but `private` found
[error]   private def pane(document: RecallVoyageDocument, scene: VoyageScene): HtmlElement =
[error]   ^ [/private/tmp/storyatlas4s-workspace-m1-20260922/app/src/main/scala/storyatlas4s/app/VoyageView.scala]
[error] (app / Compile / scalafmt) org.scalafmt.sbt.ScalafmtSbtReporter$ScalafmtSbtError: scalafmt: [3.10.7] /private/tmp/storyatlas4s-workspace-m1-20260922/app/src/main/scala/storyatlas4s/app/VoyageView.scala:307: error: [dialect scala3] `)` expected but `private` found
[error]   private def pane(document: RecallVoyageDocument, scene: VoyageScene): HtmlElement =
[error]   ^ [/private/tmp/storyatlas4s-workspace-m1-20260922/app/src/main/scala/storyatlas4s/app/VoyageView.scala]
[error] Total time: 1 s, completed Sep 22, 2026, 9:13:49 p.m.
