[info] welcome to sbt 1.12.14 (Homebrew Java 25.0.1)
[info] loading settings for project storyatlas4s-workspace-m1-20260922-build from plugins.sbt...
[info] loading project definition from /private/tmp/storyatlas4s-workspace-m1-20260922/project
[info] loading settings for project root from build.sbt...
[info] loading settings for project storymodel4s-m1-intaglio-20260922-build from plugins.sbt...
[info] loading project definition from /private/tmp/storymodel4s-m1-intaglio-20260922/project
[info] loading settings for project root from build.sbt...
[info] loading settings for project storymodel4s-workspace-m1-20260922-build from plugins.sbt...
[info] loading project definition from /private/tmp/storymodel4s-workspace-m1-20260922/project
[info] loading settings for project root from build.sbt...
[info] loading settings for project storymodel4s-m1-grakern-20260922-build from plugins.sbt...
[info] loading project definition from /private/tmp/storymodel4s-m1-grakern-20260922/project
[info] loading settings for project root from build.sbt...
[info] loading settings for project gale-build from plugins.sbt...
[info] loading project definition from /private/tmp/storymodel4s-m1-sbt-staging-20260922/c6b5fe94c20cf0d05b05/gale/project
[info] loading settings for project root from build.sbt...
[info] loading settings for project graph4s-build from plugins.sbt...
[info] loading project definition from /private/tmp/storymodel4s-m1-sbt-staging-20260922/8d03f2d14a9e2c9f6990/graph4s/project
[info] loading settings for project root from build.sbt...
[info] resolving key references (148721 settings) ...
[info] set current project to root (in build file:/private/tmp/storyatlas4s-workspace-m1-20260922/)
[info] scalafmt: Formatting 3 Scala sources (/private/tmp/storyatlas4s-workspace-m1-20260922/app)...
[info] scalafmt: Reformatted 1 Scala sources
[success] Total time: 2 s, completed Sep 22, 2026, 9:14:58 p.m.
[info] compiling 3 Scala sources to /private/tmp/storyatlas4s-workspace-m1-20260922/app/target/scala-3.7.4/classes ...
[warn] -- [E175] Potential Issue Warning: /private/tmp/storyatlas4s-workspace-m1-20260922/app/src/main/scala/storyatlas4s/app/VoyageView.scala:437:17 
[warn] 432 |              signal
[warn] 433 |                .map(_.state.mode)
[warn] 434 |                .distinct
[warn] 435 |                .foreach { _ =>
[warn] 436 |                  val _ = dom.window.requestAnimationFrame(_ => fit(ctx.thisNode.ref))
[warn] 437 |                }(using ctx.owner)
[warn]     |              ^
[warn]     |discarded non-Unit value of type com.raquo.airstream.ownership.Subscription. Add `: Unit` to discard silently.
[warn] one warning found
[info] done compiling
[success] Total time: 7 s, completed Sep 22, 2026, 9:15:05 p.m.
[info] Fast optimizing /private/tmp/storyatlas4s-workspace-m1-20260922/app/target/scala-3.7.4/storyatlas4s-app-fastopt
[success] Total time: 6 s, completed Sep 22, 2026, 9:15:12 p.m.
[success] Total time: 1 s, completed Sep 22, 2026, 9:15:12 p.m.
