[info] welcome to sbt 1.12.14 (Homebrew Java 25.0.1)
[info] loading settings for project storyatlas4s-workspace-m1-20260922-build from plugins.sbt...
[info] loading project definition from /private/tmp/storyatlas4s-workspace-m1-20260922/project
[info] loading settings for project root from build.sbt...
[info] loading settings for project storymodel4s-m1-intaglio-20260922-build from plugins.sbt...
[info] loading project definition from /private/tmp/storymodel4s-m1-intaglio-20260922/project
[info] loading settings for project root from build.sbt...
[info] loading settings for project storymodel4s-workspace-m1-20260922-build from plugins.sbt...
[info] loading project definition from /private/tmp/storymodel4s-workspace-m1-20260922/project
[info] loading settings for project root from build.sbt...
[info] loading settings for project storymodel4s-m1-grakern-20260922-build from plugins.sbt...
[info] loading project definition from /private/tmp/storymodel4s-m1-grakern-20260922/project
[info] loading settings for project root from build.sbt...
[info] loading settings for project gale-build from plugins.sbt...
[info] loading project definition from /private/tmp/storymodel4s-m1-sbt-staging-20260922/c6b5fe94c20cf0d05b05/gale/project
[info] loading settings for project root from build.sbt...
[info] loading settings for project graph4s-build from plugins.sbt...
[info] loading project definition from /private/tmp/storymodel4s-m1-sbt-staging-20260922/8d03f2d14a9e2c9f6990/graph4s/project
[info] loading settings for project root from build.sbt...
[info] resolving key references (148721 settings) ...
[info] set current project to root (in build file:/private/tmp/storyatlas4s-workspace-m1-20260922/)
[info] scalafmt: Formatting 1 Scala sources (/private/tmp/storyatlas4s-workspace-m1-20260922/intaglio/.js)...
[info] scalafmt: Formatting 1 Scala sources (/private/tmp/storyatlas4s-workspace-m1-20260922/intaglio/.jvm)...
[info] scalafmt: Formatting 1 Scala sources (/private/tmp/storyatlas4s-workspace-m1-20260922/intaglio/.jvm)...
[info] scalafmt: Formatting 1 Scala sources (/private/tmp/storyatlas4s-workspace-m1-20260922/intaglio/.js)...
[info] scalafmt: Formatting 1 Scala sources (/private/tmp/storyatlas4s-workspace-m1-20260922/app)...
[info] scalafmt: Reformatted 1 Scala sources
[info] scalafmt: Reformatted 1 Scala sources
[info] scalafmt: Reformatted 1 Scala sources
[info] scalafmt: Reformatted 1 Scala sources
[info] scalafmt: Reformatted 1 Scala sources
[success] Total time: 2 s, completed Sep 22, 2026, 9:21:55 p.m.
[info] compiling 1 Scala source to /private/tmp/storyatlas4s-workspace-m1-20260922/intaglio/.jvm/target/scala-3.7.4/classes ...
[info] done compiling
[info] compiling 1 Scala source to /private/tmp/storyatlas4s-workspace-m1-20260922/intaglio/.jvm/target/scala-3.7.4/test-classes ...
[info] done compiling
Test run storyatlas4s.intaglio.VoyageLoweringSuite started
storyatlas4s.intaglio.VoyageLoweringSuite: finished 0.264s
Test run storyatlas4s.intaglio.VoyageLoweringSuite finished: 0 failed, 0 ignored, 26 total 0.271s
[info] Passed: Total 26, Failed 0, Errors 0, Passed 26
[success] Total time: 6 s, completed Sep 22, 2026, 9:22:01 p.m.
[info] compiling 1 Scala source to /private/tmp/storyatlas4s-workspace-m1-20260922/intaglio/.js/target/scala-3.7.4/classes ...
[info] done compiling
[info] compiling 1 Scala source to /private/tmp/storyatlas4s-workspace-m1-20260922/intaglio/.js/target/scala-3.7.4/test-classes ...
[info] done compiling
[info] Fast optimizing /private/tmp/storyatlas4s-workspace-m1-20260922/intaglio/.js/target/scala-3.7.4/storyatlas4s-intaglio-test-fastopt
Test run storyatlas4s.intaglio.VoyageLoweringSuite started
storyatlas4s.intaglio.VoyageLoweringSuite: finished 0.070s
Test run storyatlas4s.intaglio.VoyageLoweringSuite finished: 0 failed, 0 ignored, 26 total 0.070s
[info] Passed: Total 26, Failed 0, Errors 0, Passed 26
[success] Total time: 8 s, completed Sep 22, 2026, 9:22:09 p.m.
[info] compiling 1 Scala source to /private/tmp/storyatlas4s-workspace-m1-20260922/app/target/scala-3.7.4/classes ...
[info] done compiling
[success] Total time: 3 s, completed Sep 22, 2026, 9:22:12 p.m.
[info] Fast optimizing /private/tmp/storyatlas4s-workspace-m1-20260922/app/target/scala-3.7.4/storyatlas4s-app-fastopt
[success] Total time: 4 s, completed Sep 22, 2026, 9:22:16 p.m.
[success] Total time: 1 s, completed Sep 22, 2026, 9:22:17 p.m.
